M5-FITS/processed/v1/data_train_TX_2_FOODS_3.csv
,d,sales,tm_w_end,tm_dw,tm_wm,tm_m,tm_w,sell_price,snap_count,is_event,date
1396,1397,1576.0,0,1,4,11,48,2.850414,0,0,2014-11-25
1397,1398,2021.0,0,2,4,11,48,2.850414,0,0,2014-11-26
1398,1399,1822.0,0,3,4,11,48,2.850414,0,1,2014-11-27
1399,1400,1327.0,0,4,4,11,48,2.850414,0,0,2014-11-28
1400,1401,1587.0,1,5,5,11,48,2.8495123,0,0,2014-11-29
1401,1402,1919.0,1,6,5,11,48,2.8495123,0,0,2014-11-30
1402,1403,1729.0,0,0,1,12,49,2.8495123,2,0,2014-12-01
1403,1404,1301.0,0,1,1,12,49,2.8495123,2,0,2014-12-02
1404,1405,1527.0,0,2,1,12,49,2.8495123,3,0,2014-12-03
1405,1406,1321.0,0,3,1,12,49,2.8495123,1,0,2014-12-04
1406,1407,1480.0,0,4,1,12,49,2.8495123,3,0,2014-12-05
1407,1408,1979.0,1,5,1,12,49,2.8519819,3,0,2014-12-06
1408,1409,2141.0,1,6,1,12,49,2.8519819,2,0,2014-12-07
1409,1410,1491.0,0,0,2,12,50,2.8519819,2,0,2014-12-08
1410,1411,1522.0,0,1,2,12,50,2.8519819,3,0,2014-12-09
1411,1412,1201.0,0,2,2,12,50,2.8519819,1,0,2014-12-10
1412,1413,1338.0,0,3,2,12,50,2.8519819,2,0,2014-12-11
1413,1414,1562.0,0,4,2,12,50,2.8519819,2,0,2014-12-12
1414,1415,2055.0,1,5,2,12,50,2.8497756,1,0,2014-12-13
1415,1416,1993.0,1,6,2,12,50,2.8497756,1,0,2014-12-14
1416,1417,1808.0,0,0,3,12,51,2.8497756,2,0,2014-12-15
1417,1418,1598.0,0,1,3,12,51,2.8497756,0,0,2014-12-16
1418,1419,1645.0,0,2,3,12,51,2.8497756,0,0,2014-12-17
1419,1420,1730.0,0,3,3,12,51,2.8497756,0,0,2014-12-18
1420,1421,1313.0,0,4,3,12,51,2.8497756,0,0,2014-12-19
1421,1422,1819.0,1,5,3,12,51,2.8481486,0,0,2014-12-20
1422,1423,1865.0,1,6,3,12,51,2.8481486,0,0,2014-12-21
1423,1424,1657.0,0,0,4,12,52,2.8481486,0,0,2014-12-22
1424,1425,1710.0,0,1,4,12,52,2.8481486,0,0,2014-12-23
1425,1426,1852.0,0,2,4,12,52,2.8481486,0,1,2014-12-24
1426,1427,6.0,0,3,4,12,52,2.8481486,0,1,2014-12-25
1427,1428,1776.0,0,4,4,12,52,2.8481486,0,0,2014-12-26
1428,1429,1570.0,1,5,4,12,52,2.8517919,0,0,2014-12-27
1429,1430,1501.0,1,6,4,12,52,2.8517919,0,0,2014-12-28
1430,1431,1601.0,0,0,5,12,1,2.8517919,0,0,2014-12-29
1431,1432,1569.0,0,1,5,12,1,2.8517919,0,0,2014-12-30
1432,1433,1777.0,0,2,5,12,1,2.8517919,0,0,2014-12-31
1433,1434,1360.0,0,3,1,1,1,2.8517919,2,1,2015-01-01
1434,1435,1654.0,0,4,1,1,1,2.8517919,2,0,2015-01-02
1435,1436,1993.0,1,5,1,1,1,2.850565,3,0,2015-01-03
1436,1437,2045.0,1,6,1,1,1,2.850565,1,0,2015-01-04
1437,1438,1766.0,0,0,1,1,2,2.850565,3,0,2015-01-05
1438,1439,1736.0,0,1,1,1,2,2.850565,3,0,2015-01-06
1439,1440,1790.0,0,2,1,1,2,2.850565,2,1,2015-01-07
1440,1441,1346.0,0,3,2,1,2,2.850565,2,0,2015-01-08
1441,1442,1653.0,0,4,2,1,2,2.850565,3,0,2015-01-09
1442,1443,2049.0,1,5,2,1,2,2.8491938,1,0,2015-01-10
1443,1444,2246.0,1,6,2,1,2,2.8491938,2,0,2015-01-11
1444,1445,1808.0,0,0,2,1,3,2.8491938,2,0,2015-01-12
1445,1446,1488.0,0,1,2,1,3,2.8491938,1,0,2015-01-13
1446,1447,1386.0,0,2,2,1,3,2.8491938,1,0,2015-01-14
1447,1448,1689.0,0,3,3,1,3,2.8491938,2,0,2015-01-15
1448,1449,1625.0,0,4,3,1,3,2.8491938,0,0,2015-01-16
1449,1450,2224.0,1,5,3,1,3,2.854921,0,0,2015-01-17
1450,1451,2367.0,1,6,3,1,3,2.854921,0,0,2015-01-18
1451,1452,1847.0,0,0,3,1,4,2.854921,0,1,2015-01-19
1452,1453,1403.0,0,1,3,1,4,2.854921,0,0,2015-01-20
1453,1454,1363.0,0,2,3,1,4,2.854921,0,0,2015-01-21
1454,1455,1055.0,0,3,4,1,4,2.854921,0,0,2015-01-22
1455,1456,1755.0,0,4,4,1,4,2.854921,0,0,2015-01-23
1456,1457,2044.0,1,5,4,1,4,2.8498855,0,0,2015-01-24
1457,1458,2268.0,1,6,4,1,4,2.8498855,0,0,2015-01-25
1458,1459,1616.0,0,0,4,1,5,2.8498855,0,0,2015-01-26
1459,1460,1468.0,0,1,4,1,5,2.8498855,0,0,2015-01-27
1460,1461,1588.0,0,2,4,1,5,2.8498855,0,0,2015-01-28
1461,1462,1434.0,0,3,5,1,5,2.8498855,0,0,2015-01-29
1462,1463,1654.0,0,4,5,1,5,2.8498855,0,0,2015-01-30
1463,1464,2280.0,1,5,5,1,5,2.8553505,0,0,2015-01-31
1464,1465,2713.0,1,6,1,2,5,2.8553505,2,1,2015-02-01
1465,1466,1693.0,0,0,1,2,6,2.8553505,2,0,2015-02-02
1466,1467,1680.0,0,1,1,2,6,2.8553505,3,0,2015-02-03
1467,1468,1822.0,0,2,1,2,6,2.8553505,1,0,2015-02-04
1468,1469,1536.0,0,3,1,2,6,2.8553505,3,0,2015-02-05
1469,1470,1891.0,0,4,1,2,6,2.8553505,3,0,2015-02-06
1470,1471,2453.0,1,5,1,2,6,2.8548975,2,0,2015-02-07
1471,1472,2726.0,1,6,2,2,6,2.8548975,2,0,2015-02-08
1472,1473,2078.0,0,0,2,2,7,2.8548975,3,0,2015-02-09
1473,1474,1805.0,0,1,2,2,7,2.8548975,1,0,2015-02-10
1474,1475,1817.0,0,2,2,2,7,2.8548975,2,0,2015-02-11
1475,1476,1969.0,0,3,2,2,7,2.8548975,2,0,2015-02-12
1476,1477,1886.0,0,4,2,2,7,2.8548975,1,0,2015-02-13
1477,1478,2025.0,1,5,2,2,7,2.8571177,1,1,2015-02-14
1478,1479,2403.0,1,6,3,2,7,2.8571177,2,0,2015-02-15
1479,1480,1843.0,0,0,3,2,8,2.8571177,0,1,2015-02-16
1480,1481,1496.0,0,1,3,2,8,2.8571177,0,0,2015-02-17
1481,1482,1488.0,0,2,3,2,8,2.8571177,0,1,2015-02-18
1482,1483,1581.0,0,3,3,2,8,2.8571177,0,0,2015-02-19
1483,1484,1651.0,0,4,3,2,8,2.8571177,0,0,2015-02-20
1484,1485,2037.0,1,5,3,2,8,2.8614151,0,0,2015-02-21
1485,1486,2242.0,1,6,4,2,8,2.8614151,0,0,2015-02-22
1486,1487,1479.0,0,0,4,2,9,2.8614151,0,0,2015-02-23
1487,1488,1428.0,0,1,4,2,9,2.8614151,0,0,2015-02-24
1488,1489,1394.0,0,2,4,2,9,2.8614151,0,1,2015-02-25
1489,1490,1272.0,0,3,4,2,9,2.8614151,0,0,2015-02-26
1490,1491,1332.0,0,4,4,2,9,2.8614151,0,0,2015-02-27
1491,1492,1831.0,1,5,4,2,9,2.871807,0,0,2015-02-28
1492,1493,2379.0,1,6,1,3,9,2.871807,2,0,2015-03-01
1493,1494,1692.0,0,0,1,3,10,2.871807,2,0,2015-03-02
1494,1495,1747.0,0,1,1,3,10,2.871807,3,0,2015-03-03
1495,1496,1373.0,0,2,1,3,10,2.871807,1,0,2015-03-04
1496,1497,1336.0,0,3,1,3,10,2.871807,3,1,2015-03-05
1497,1498,1659.0,0,4,1,3,10,2.871807,3,0,2015-03-06
1498,1499,1982.0,1,5,1,3,10,2.8777626,2,0,2015-03-07
1499,1500,1991.0,1,6,2,3,10,2.8777626,2,0,2015-03-08
1500,1501,1689.0,0,0,2,3,11,2.8777626,3,0,2015-03-09
1501,1502,1697.0,0,1,2,3,11,2.8777626,1,0,2015-03-10
1502,1503,1468.0,0,2,2,3,11,2.8777626,2,0,2015-03-11
1503,1504,1753.0,0,3,2,3,11,2.8777626,2,0,2015-03-12
1504,1505,2004.0,0,4,2,3,11,2.8777626,1,0,2015-03-13
1505,1506,2053.0,1,5,2,3,11,2.875838,1,0,2015-03-14
1506,1507,2337.0,1,6,3,3,11,2.875838,2,0,2015-03-15
1507,1508,1951.0,0,0,3,3,12,2.875838,0,0,2015-03-16
1508,1509,1907.0,0,1,3,3,12,2.875838,0,1,2015-03-17
1509,1510,1465.0,0,2,3,3,12,2.875838,0,0,2015-03-18
1510,1511,1518.0,0,3,3,3,12,2.875838,0,0,2015-03-19
1511,1512,1641.0,0,4,3,3,12,2.875838,0,0,2015-03-20
1512,1513,1837.0,1,5,3,3,12,2.877397,0,0,2015-03-21
1513,1514,2144.0,1,6,4,3,12,2.877397,0,0,2015-03-22
1514,1515,1568.0,0,0,4,3,13,2.877397,0,0,2015-03-23
1515,1516,66.0,0,1,4,3,13,2.877397,0,0,2015-03-24
1516,1517,2854.0,0,2,4,3,13,2.877397,0,0,2015-03-25
1517,1518,1394.0,0,3,4,3,13,2.877397,0,0,2015-03-26
1518,1519,1585.0,0,4,4,3,13,2.877397,0,0,2015-03-27
1519,1520,2109.0,1,5,4,3,13,2.8810818,0,0,2015-03-28
1520,1521,2225.0,1,6,5,3,13,2.8810818,0,0,2015-03-29
1521,1522,1540.0,0,0,5,3,14,2.8810818,0,0,2015-03-30
1522,1523,1539.0,0,1,5,3,14,2.8810818,0,0,2015-03-31
1523,1524,1831.0,0,2,1,4,14,2.8810818,2,0,2015-04-01
1524,1525,1633.0,0,3,1,4,14,2.8810818,2,0,2015-04-02
1525,1526,2254.0,0,4,1,4,14,2.8810818,3,0,2015-04-03
1526,1527,2451.0,1,5,1,4,14,2.87512,1,0,2015-04-04
1527,1528,2304.0,1,6,1,4,14,2.87512,3,1,2015-04-05
1528,1529,1895.0,0,0,1,4,15,2.87512,3,0,2015-04-06
1529,1530,1635.0,0,1,1,4,15,2.87512,2,0,2015-04-07
1530,1531,1615.0,0,2,2,4,15,2.87512,2,0,2015-04-08
1531,1532,1779.0,0,3,2,4,15,2.87512,3,0,2015-04-09
1532,1533,1568.0,0,4,2,4,15,2.87512,1,0,2015-04-10
1533,1534,2250.0,1,5,2,4,15,2.8844893,2,1,2015-04-11
1534,1535,2337.0,1,6,2,4,15,2.8844893,2,1,2015-04-12
1535,1536,1983.0,0,0,2,4,16,2.8844893,1,0,2015-04-13
1536,1537,1553.0,0,1,2,4,16,2.8844893,1,0,2015-04-14
1537,1538,1734.0,0,2,3,4,16,2.8844893,2,0,2015-04-15
1538,1539,1628.0,0,3,3,4,16,2.8844893,0,0,2015-04-16
1539,1540,1453.0,0,4,3,4,16,2.8844893,0,0,2015-04-17
1540,1541,2307.0,1,5,3,4,16,2.8866756,0,0,2015-04-18
1541,1542,2232.0,1,6,3,4,16,2.8866756,0,0,2015-04-19
1542,1543,1670.0,0,0,3,4,17,2.8866756,0,0,2015-04-20
1543,1544,1421.0,0,1,3,4,17,2.8866756,0,0,2015-04-21
1544,1545,1499.0,0,2,4,4,17,2.8866756,0,0,2015-04-22
1545,1546,1536.0,0,3,4,4,17,2.8866756,0,0,2015-04-23
1546,1547,1768.0,0,4,4,4,17,2.8866756,0,0,2015-04-24
1547,1548,2083.0,1,5,4,4,17,2.8834593,0,0,2015-04-25
1548,1549,2189.0,1,6,4,4,17,2.8834593,0,0,2015-04-26
1549,1550,1638.0,0,0,4,4,18,2.8834593,0,0,2015-04-27
1550,1551,1397.0,0,1,4,4,18,2.8834593,0,0,2015-04-28
1551,1552,1276.0,0,2,5,4,18,2.8834593,0,0,2015-04-29
1552,1553,1536.0,0,3,5,4,18,2.8834593,0,0,2015-04-30
1553,1554,1877.0,0,4,1,5,18,2.8834593,2,0,2015-05-01
1554,1555,2240.0,1,5,1,5,18,2.8839169,2,0,2015-05-02
1555,1556,2223.0,1,6,1,5,18,2.8839169,3,0,2015-05-03
1556,1557,1595.0,0,0,1,5,19,2.8839169,1,0,2015-05-04
1557,1558,1624.0,0,1,1,5,19,2.8839169,3,1,2015-05-05
1558,1559,1647.0,0,2,1,5,19,2.8839169,3,0,2015-05-06
1559,1560,1863.0,0,3,1,5,19,2.8839169,2,0,2015-05-07
1560,1561,1596.0,0,4,2,5,19,2.8839169,2,0,2015-05-08
1561,1562,2337.0,1,5,2,5,19,2.8908103,3,0,2015-05-09
1562,1563,1831.0,1,6,2,5,19,2.8908103,1,1,2015-05-10
1563,1564,1694.0,0,0,2,5,20,2.8908103,2,0,2015-05-11
1564,1565,1729.0,0,1,2,5,20,2.8908103,2,0,2015-05-12
1565,1566,1686.0,0,2,2,5,20,2.8908103,1,0,2015-05-13
1566,1567,1535.0,0,3,2,5,20,2.8908103,1,0,2015-05-14
1567,1568,1966.0,0,4,3,5,20,2.8908103,2,0,2015-05-15
1568,1569,2120.0,1,5,3,5,20,2.8905272,0,0,2015-05-16
1569,1570,2098.0,1,6,3,5,20,2.8905272,0,0,2015-05-17
1570,1571,1538.0,0,0,3,5,21,2.8905272,0,0,2015-05-18
1571,1572,1310.0,0,1,3,5,21,2.8905272,0,0,2015-05-19
1572,1573,1367.0,0,2,3,5,21,2.8905272,0,0,2015-05-20
1573,1574,1455.0,0,3,3,5,21,2.8905272,0,0,2015-05-21
1574,1575,1718.0,0,4,4,5,21,2.8905272,0,0,2015-05-22
1575,1576,1947.0,1,5,4,5,21,2.8927443,0,0,2015-05-23
1576,1577,1879.0,1,6,4,5,21,2.8927443,0,0,2015-05-24
1577,1578,2018.0,0,0,4,5,22,2.8927443,0,1,2015-05-25
1578,1579,1382.0,0,1,4,5,22,2.8927443,0,0,2015-05-26
1579,1580,1526.0,0,2,4,5,22,2.8927443,0,0,2015-05-27
1580,1581,1519.0,0,3,4,5,22,2.8927443,0,0,2015-05-28
1581,1582,1485.0,0,4,5,5,22,2.8927443,0,0,2015-05-29
1582,1583,1754.0,1,5,5,5,22,2.8913777,0,0,2015-05-30
1583,1584,1999.0,1,6,5,5,22,2.8913777,0,0,2015-05-31
1584,1585,1858.0,0,0,1,6,23,2.8913777,2,0,2015-06-01
1585,1586,1637.0,0,1,1,6,23,2.8913777,2,0,2015-06-02
1586,1587,1736.0,0,2,1,6,23,2.8913777,3,0,2015-06-03
1587,1588,1646.0,0,3,1,6,23,2.8913777,1,1,2015-06-04
1588,1589,2065.0,0,4,1,6,23,2.8913777,3,0,2015-06-05
1589,1590,2275.0,1,5,1,6,23,2.897009,3,0,2015-06-06
1590,1591,2443.0,1,6,1,6,23,2.897009,2,0,2015-06-07
1591,1592,1830.0,0,0,2,6,24,2.897009,2,0,2015-06-08
1592,1593,1799.0,0,1,2,6,24,2.897009,3,0,2015-06-09
1593,1594,1652.0,0,2,2,6,24,2.897009,1,0,2015-06-10
1594,1595,1914.0,0,3,2,6,24,2.897009,2,0,2015-06-11
1595,1596,1980.0,0,4,2,6,24,2.897009,2,0,2015-06-12
1596,1597,2166.0,1,5,2,6,24,2.9001012,1,0,2015-06-13
1597,1598,2300.0,1,6,2,6,24,2.9001012,1,0,2015-06-14
1598,1599,4229.0,0,0,3,6,25,2.9001012,2,0,2015-06-15
1599,1600,1107.0,0,1,3,6,25,2.9001012,0,1,2015-06-16
1600,1601,1085.0,0,2,3,6,25,2.9001012,0,0,2015-06-17
1601,1602,1413.0,0,3,3,6,25,2.9001012,0,1,2015-06-18
1602,1603,1669.0,0,4,3,6,25,2.9001012,0,0,2015-06-19
1603,1604,2106.0,1,5,3,6,25,2.8924303,0,0,2015-06-20
1604,1605,1975.0,1,6,3,6,25,2.8924303,0,1,2015-06-21
1605,1606,1626.0,0,0,4,6,26,2.8924303,0,0,2015-06-22
1606,1607,1427.0,0,1,4,6,26,2.8924303,0,0,2015-06-23
1607,1608,1486.0,0,2,4,6,26,2.8924303,0,0,2015-06-24
1608,1609,1468.0,0,3,4,6,26,2.8924303,0,0,2015-06-25
1609,1610,1659.0,0,4,4,6,26,2.8924303,0,0,2015-06-26
1610,1611,2078.0,1,5,4,6,26,2.8903716,0,0,2015-06-27
1611,1612,1919.0,1,6,4,6,26,2.8903716,0,0,2015-06-28
1612,1613,1444.0,0,0,5,6,27,2.8903716,0,0,2015-06-29
1613,1614,1352.0,0,1,5,6,27,2.8903716,0,0,2015-06-30
1614,1615,1583.0,0,2,1,7,27,2.8903716,2,0,2015-07-01
1615,1616,1787.0,0,3,1,7,27,2.8903716,2,0,2015-07-02
1616,1617,2455.0,0,4,1,7,27,2.8903716,3,0,2015-07-03
1617,1618,2155.0,1,5,1,7,27,2.8920572,1,1,2015-07-04
1618,1619,2076.0,1,6,1,7,27,2.8920572,3,0,2015-07-05
1619,1620,1991.0,0,0,1,7,28,2.8920572,3,0,2015-07-06
1620,1621,2070.0,0,1,1,7,28,2.8920572,2,0,2015-07-07
1621,1622,1534.0,0,2,2,7,28,2.8920572,2,0,2015-07-08
1622,1623,1793.0,0,3,2,7,28,2.8920572,3,0,2015-07-09
1623,1624,2084.0,0,4,2,7,28,2.8920572,1,0,2015-07-10
1624,1625,2283.0,1,5,2,7,28,2.8978832,2,0,2015-07-11
1625,1626,2743.0,1,6,2,7,28,2.8978832,2,0,2015-07-12
1626,1627,2283.0,0,0,2,7,29,2.8978832,1,0,2015-07-13
1627,1628,1772.0,0,1,2,7,29,2.8978832,1,0,2015-07-14
1628,1629,1906.0,0,2,3,7,29,2.8978832,2,0,2015-07-15
1629,1630,1865.0,0,3,3,7,29,2.8978832,0,0,2015-07-16
1630,1631,2107.0,0,4,3,7,29,2.8978832,0,0,2015-07-17
1631,1632,2617.0,1,5,3,7,29,2.896156,0,1,2015-07-18
1632,1633,2315.0,1,6,3,7,29,2.896156,0,0,2015-07-19
1633,1634,1793.0,0,0,3,7,30,2.896156,0,0,2015-07-20
1634,1635,1467.0,0,1,3,7,30,2.896156,0,0,2015-07-21
1635,1636,1548.0,0,2,4,7,30,2.896156,0,0,2015-07-22
1636,1637,1736.0,0,3,4,7,30,2.896156,0,0,2015-07-23
1637,1638,1971.0,0,4,4,7,30,2.896156,0,0,2015-07-24
1638,1639,2264.0,1,5,4,7,30,2.8945599,0,0,2015-07-25
1639,1640,2345.0,1,6,4,7,30,2.8945599,0,0,2015-07-26
1640,1641,1843.0,0,0,4,7,31,2.8945599,0,0,2015-07-27
1641,1642,1689.0,0,1,4,7,31,2.8945599,0,0,2015-07-28
1642,1643,1560.0,0,2,5,7,31,2.8945599,0,0,2015-07-29
1643,1644,1644.0,0,3,5,7,31,2.8945599,0,0,2015-07-30
1644,1645,2101.0,0,4,5,7,31,2.8945599,0,0,2015-07-31
1645,1646,2507.0,1,5,1,8,31,2.8927445,2,0,2015-08-01
1646,1647,2441.0,1,6,1,8,31,2.8927445,2,0,2015-08-02
1647,1648,2215.0,0,0,1,8,32,2.8927445,3,0,2015-08-03
1648,1649,1721.0,0,1,1,8,32,2.8927445,1,0,2015-08-04
1649,1650,2057.0,0,2,1,8,32,2.8927445,3,0,2015-08-05
1650,1651,1908.0,0,3,1,8,32,2.8927445,3,0,2015-08-06
1651,1652,2246.0,0,4,1,8,32,2.8927445,2,0,2015-08-07
1652,1653,2494.0,1,5,2,8,32,2.8973098,2,0,2015-08-08
1653,1654,2820.0,1,6,2,8,32,2.8973098,3,0,2015-08-09
1654,1655,1693.0,0,0,2,8,33,2.8973098,1,0,2015-08-10
1655,1656,1692.0,0,1,2,8,33,2.8973098,2,0,2015-08-11
1656,1657,1819.0,0,2,2,8,33,2.8973098,2,0,2015-08-12
1657,1658,1906.0,0,3,2,8,33,2.8973098,1,0,2015-08-13
1658,1659,2067.0,0,4,2,8,33,2.8973098,1,0,2015-08-14
1659,1660,2314.0,1,5,3,8,33,2.9003193,2,0,2015-08-15
1660,1661,2383.0,1,6,3,8,33,2.9003193,0,0,2015-08-16
1661,1662,1745.0,0,0,3,8,34,2.9003193,0,0,2015-08-17
1662,1663,1493.0,0,1,3,8,34,2.9003193,0,0,2015-08-18
1663,1664,1379.0,0,2,3,8,34,2.9003193,0,0,2015-08-19
1664,1665,1428.0,0,3,3,8,34,2.9003193,0,0,2015-08-20
1665,1666,1637.0,0,4,3,8,34,2.9003193,0,0,2015-08-21
1666,1667,2083.0,1,5,4,8,34,2.8989441,0,0,2015-08-22
1667,1668,2452.0,1,6,4,8,34,2.8989441,0,0,2015-08-23
1668,1669,1965.0,0,0,4,8,35,2.8989441,0,0,2015-08-24
1669,1670,1264.0,0,1,4,8,35,2.8989441,0,0,2015-08-25
1670,1671,1399.0,0,2,4,8,35,2.8989441,0,0,2015-08-26
1671,1672,1239.0,0,3,4,8,35,2.8989441,0,0,2015-08-27
1672,1673,1542.0,0,4,4,8,35,2.8989441,0,0,2015-08-28
1673,1674,1848.0,1,5,5,8,35,2.8949423,0,0,2015-08-29
1674,1675,2217.0,1,6,5,8,35,2.8949423,0,0,2015-08-30
1675,1676,1478.0,0,0,5,8,36,2.8949423,0,0,2015-08-31
1676,1677,1530.0,0,1,1,9,36,2.8949423,2,0,2015-09-01
1677,1678,1465.0,0,2,1,9,36,2.8949423,2,0,2015-09-02
1678,1679,1514.0,0,3,1,9,36,2.8949423,3,0,2015-09-03
1679,1680,1503.0,0,4,1,9,36,2.8949423,1,0,2015-09-04
1680,1681,2056.0,1,5,1,9,36,2.894409,3,0,2015-09-05
1681,1682,2019.0,1,6,1,9,36,2.894409,3,0,2015-09-06
1682,1683,2443.0,0,0,1,9,37,2.894409,2,1,2015-09-07
1683,1684,1534.0,0,1,2,9,37,2.894409,2,0,2015-09-08
1684,1685,1405.0,0,2,2,9,37,2.894409,3,0,2015-09-09
1685,1686,1332.0,0,3,2,9,37,2.894409,1,0,2015-09-10
1686,1687,1604.0,0,4,2,9,37,2.894409,2,0,2015-09-11
1687,1688,2449.0,1,5,2,9,37,2.8925977,2,0,2015-09-12
1688,1689,2549.0,1,6,2,9,37,2.8925977,1,0,2015-09-13
1689,1690,1716.0,0,0,2,9,38,2.8925977,1,0,2015-09-14
1690,1691,1647.0,0,1,3,9,38,2.8925977,2,0,2015-09-15
1691,1692,1480.0,0,2,3,9,38,2.8925977,0,0,2015-09-16
1692,1693,1468.0,0,3,3,9,38,2.8925977,0,0,2015-09-17
1693,1694,1829.0,0,4,3,9,38,2.8925977,0,0,2015-09-18
1694,1695,2164.0,1,5,3,9,38,2.892196,0,0,2015-09-19
1695,1696,2514.0,1,6,3,9,38,2.892196,0,0,2015-09-20
1696,1697,1537.0,0,0,3,9,39,2.892196,0,0,2015-09-21
1697,1698,1520.0,0,1,4,9,39,2.892196,0,0,2015-09-22
1698,1699,1672.0,0,2,4,9,39,2.892196,0,0,2015-09-23
1699,1700,1528.0,0,3,4,9,39,2.892196,0,1,2015-09-24
1700,1701,1774.0,0,4,4,9,39,2.892196,0,0,2015-09-25
1701,1702,2213.0,1,5,4,9,39,2.8934016,0,0,2015-09-26
1702,1703,2191.0,1,6,4,9,39,2.8934016,0,0,2015-09-27
1703,1704,1607.0,0,0,4,9,40,2.8934016,0,0,2015-09-28
1704,1705,1261.0,0,1,5,9,40,2.8934016,0,0,2015-09-29
1705,1706,1355.0,0,2,5,9,40,2.8934016,0,0,2015-09-30
1706,1707,1780.0,0,3,1,10,40,2.8934016,2,0,2015-10-01
1707,1708,1813.0,0,4,1,10,40,2.8934016,2,0,2015-10-02
1708,1709,2325.0,1,5,1,10,40,2.8938022,3,0,2015-10-03
1709,1710,2412.0,1,6,1,10,40,2.8938022,1,0,2015-10-04
1710,1711,1905.0,0,0,1,10,41,2.8938022,3,0,2015-10-05
1711,1712,1732.0,0,1,1,10,41,2.8938022,3,0,2015-10-06
1712,1713,1663.0,0,2,1,10,41,2.8938022,2,0,2015-10-07
1713,1714,1768.0,0,3,2,10,41,2.8938022,2,0,2015-10-08
1714,1715,1890.0,0,4,2,10,41,2.8938022,3,0,2015-10-09
1715,1716,1999.0,1,5,2,10,41,2.8913572,1,0,2015-10-10
1716,1717,2374.0,1,6,2,10,41,2.8913572,2,0,2015-10-11
1717,1718,1825.0,0,0,2,10,42,2.8913572,2,1,2015-10-12
1718,1719,1708.0,0,1,2,10,42,2.8913572,1,0,2015-10-13
1719,1720,1433.0,0,2,2,10,42,2.8913572,1,0,2015-10-14
1720,1721,1579.0,0,3,3,10,42,2.8913572,2,0,2015-10-15
1721,1722,1722.0,0,4,3,10,42,2.8913572,0,0,2015-10-16
1722,1723,2075.0,1,5,3,10,42,2.8851733,0,0,2015-10-17
1723,1724,2245.0,1,6,3,10,42,2.8851733,0,0,2015-10-18
1724,1725,1848.0,0,0,3,10,43,2.8851733,0,0,2015-10-19
1725,1726,1563.0,0,1,3,10,43,2.8851733,0,0,2015-10-20
1726,1727,1478.0,0,2,3,10,43,2.8851733,0,0,2015-10-21
1727,1728,1525.0,0,3,4,10,43,2.8851733,0,0,2015-10-22
1728,1729,1976.0,0,4,4,10,43,2.8851733,0,0,2015-10-23
1729,1730,2093.0,1,5,4,10,43,2.8953881,0,0,2015-10-24
1730,1731,1743.0,1,6,4,10,43,2.8953881,0,0,2015-10-25
1731,1732,1688.0,0,0,4,10,44,2.8953881,0,0,2015-10-26
1732,1733,1413.0,0,1,4,10,44,2.8953881,0,0,2015-10-27
1733,1734,1394.0,0,2,4,10,44,2.8953881,0,0,2015-10-28
