M5-FITS/processed/v1/data_train_TX_2_FOODS_3.csv
,d,sales,tm_w_end,tm_dw,tm_wm,tm_m,tm_w,sell_price,snap_count,is_event,date
1734,1735,1532.0,0,3,5,10,44,2.8953881,0,0,2015-10-29
1735,1736,1698.0,0,4,5,10,44,2.8953881,0,0,2015-10-30
1736,1737,1462.0,1,5,5,10,44,2.9031727,0,1,2015-10-31
1737,1738,2104.0,1,6,1,11,44,2.9031727,2,0,2015-11-01
1738,1739,1493.0,0,0,1,11,45,2.9031727,2,0,2015-11-02
1739,1740,1437.0,0,1,1,11,45,2.9031727,3,0,2015-11-03
1740,1741,1275.0,0,2,1,11,45,2.9031727,1,0,2015-11-04
1741,1742,1467.0,0,3,1,11,45,2.9031727,3,0,2015-11-05
1742,1743,1784.0,0,4,1,11,45,2.9031727,3,0,2015-11-06
1743,1744,2493.0,1,5,1,11,45,2.8986058,2,0,2015-11-07
1744,1745,1997.0,1,6,2,11,45,2.8986058,2,0,2015-11-08
1745,1746,1717.0,0,0,2,11,46,2.8986058,3,0,2015-11-09
1746,1747,1590.0,0,1,2,11,46,2.8986058,1,0,2015-11-10
1747,1748,1398.0,0,2,2,11,46,2.8986058,2,1,2015-11-11
1748,1749,1428.0,0,3,2,11,46,2.8986058,2,0,2015-11-12
1749,1750,1660.0,0,4,2,11,46,2.8986058,1,0,2015-11-13
1750,1751,2023.0,1,5,2,11,46,2.903111,1,0,2015-11-14
1751,1752,2420.0,1,6,3,11,46,2.903111,2,0,2015-11-15
1752,1753,1703.0,0,0,3,11,47,2.903111,0,0,2015-11-16
1753,1754,1263.0,0,1,3,11,47,2.903111,0,0,2015-11-17
1754,1755,1393.0,0,2,3,11,47,2.903111,0,0,2015-11-18
1755,1756,1549.0,0,3,3,11,47,2.903111,0,0,2015-11-19
1756,1757,1486.0,0,4,3,11,47,2.903111,0,0,2015-11-20
1757,1758,1974.0,1,5,3,11,47,2.907395,0,0,2015-11-21
1758,1759,1987.0,1,6,4,11,47,2.907395,0,0,2015-11-22
1759,1760,1531.0,0,0,4,11,48,2.907395,0,0,2015-11-23
1760,1761,1631.0,0,1,4,11,48,2.907395,0,0,2015-11-24
1761,1762,2239.0,0,2,4,11,48,2.907395,0,0,2015-11-25
1762,1763,1686.0,0,3,4,11,48,2.907395,0,1,2015-11-26
1763,1764,1298.0,0,4,4,11,48,2.907395,0,0,2015-11-27
1764,1765,1519.0,1,5,4,11,48,2.9057887,0,0,2015-11-28
1765,1766,1625.0,1,6,5,11,48,2.9057887,0,0,2015-11-29
1766,1767,1369.0,0,0,5,11,49,2.9057887,0,0,2015-11-30
1767,1768,1519.0,0,1,1,12,49,2.9057887,2,0,2015-12-01
1768,1769,1214.0,0,2,1,12,49,2.9057887,2,0,2015-12-02
1769,1770,1286.0,0,3,1,12,49,2.9057887,3,0,2015-12-03
1770,1771,1255.0,0,4,1,12,49,2.9057887,1,0,2015-12-04
1771,1772,1804.0,1,5,1,12,49,2.9077847,3,0,2015-12-05
1772,1773,2097.0,1,6,1,12,49,2.9077847,3,0,2015-12-06
1773,1774,1615.0,0,0,1,12,50,2.9077847,2,0,2015-12-07
1774,1775,1330.0,0,1,2,12,50,2.9077847,2,0,2015-12-08
1775,1776,1310.0,0,2,2,12,50,2.9077847,3,0,2015-12-09
1776,1777,1245.0,0,3,2,12,50,2.9077847,1,0,2015-12-10
1777,1778,1518.0,0,4,2,12,50,2.9077847,2,0,2015-12-11
1778,1779,1948.0,1,5,2,12,50,2.9021986,2,0,2015-12-12
1779,1780,1990.0,1,6,2,12,50,2.9021986,1,0,2015-12-13
1780,1781,1852.0,0,0,2,12,51,2.9021986,1,1,2015-12-14
1781,1782,1826.0,0,1,3,12,51,2.9021986,2,0,2015-12-15
1782,1783,1614.0,0,2,3,12,51,2.9021986,0,0,2015-12-16
1783,1784,1627.0,0,3,3,12,51,2.9021986,0,0,2015-12-17
1784,1785,1491.0,0,4,3,12,51,2.9021986,0,0,2015-12-18
1785,1786,1859.0,1,5,3,12,51,2.9047432,0,0,2015-12-19
1786,1787,1991.0,1,6,3,12,51,2.9047432,0,0,2015-12-20
1787,1788,1568.0,0,0,3,12,52,2.9047432,0,0,2015-12-21
1788,1789,1504.0,0,1,4,12,52,2.9047432,0,0,2015-12-22
1789,1790,1826.0,0,2,4,12,52,2.9047432,0,0,2015-12-23
1790,1791,2048.0,0,3,4,12,52,2.9047432,0,0,2015-12-24
1791,1792,0.0,0,4,4,12,52,2.9047432,0,1,2015-12-25
1792,1793,1670.0,1,5,4,12,52,2.9056926,0,0,2015-12-26
1793,1794,1560.0,1,6,4,12,52,2.9056926,0,0,2015-12-27
1794,1795,1381.0,0,0,4,12,53,2.9056926,0,0,2015-12-28
1795,1796,1323.0,0,1,5,12,53,2.9056926,0,0,2015-12-29
1796,1797,1361.0,0,2,5,12,53,2.9056926,0,0,2015-12-30
1797,1798,1882.0,0,3,5,12,53,2.9056926,0,0,2015-12-31
1798,1799,1531.0,0,4,1,1,53,2.9056926,2,1,2016-01-01
1799,1800,1556.0,1,5,1,1,53,2.9012036,2,0,2016-01-02
1800,1801,1893.0,1,6,1,1,53,2.9012036,3,0,2016-01-03
1801,1802,1496.0,0,0,1,1,1,2.9012036,1,0,2016-01-04
1802,1803,1494.0,0,1,1,1,1,2.9012036,3,0,2016-01-05
1803,1804,1374.0,0,2,1,1,1,2.9012036,3,0,2016-01-06
1804,1805,1857.0,0,3,1,1,1,2.9012036,2,1,2016-01-07
1805,1806,1762.0,0,4,2,1,1,2.9012036,2,0,2016-01-08
1806,1807,2260.0,1,5,2,1,1,2.9072814,3,0,2016-01-09
1807,1808,2301.0,1,6,2,1,1,2.9072814,1,0,2016-01-10
1808,1809,1883.0,0,0,2,1,2,2.9072814,2,0,2016-01-11
1809,1810,1720.0,0,1,2,1,2,2.9072814,2,0,2016-01-12
1810,1811,1713.0,0,2,2,1,2,2.9072814,1,0,2016-01-13
1811,1812,1470.0,0,3,2,1,2,2.9072814,1,0,2016-01-14
1812,1813,1769.0,0,4,3,1,2,2.9072814,2,0,2016-01-15
1813,1814,2061.0,1,5,3,1,2,2.9089377,0,0,2016-01-16
1814,1815,2319.0,1,6,3,1,2,2.9089377,0,0,2016-01-17
1815,1816,1741.0,0,0,3,1,3,2.9089377,0,1,2016-01-18
1816,1817,1498.0,0,1,3,1,3,2.9089377,0,0,2016-01-19
1817,1818,1350.0,0,2,3,1,3,2.9089377,0,0,2016-01-20
1818,1819,1435.0,0,3,3,1,3,2.9089377,0,0,2016-01-21
1819,1820,1534.0,0,4,4,1,3,2.9089377,0,0,2016-01-22
1820,1821,2072.0,1,5,4,1,3,2.8994477,0,0,2016-01-23
1821,1822,2200.0,1,6,4,1,3,2.8994477,0,0,2016-01-24
1822,1823,1453.0,0,0,4,1,4,2.8994477,0,0,2016-01-25
1823,1824,1292.0,0,1,4,1,4,2.8994477,0,0,2016-01-26
1824,1825,1394.0,0,2,4,1,4,2.8994477,0,0,2016-01-27
1825,1826,1431.0,0,3,4,1,4,2.8994477,0,0,2016-01-28
1826,1827,1525.0,0,4,5,1,4,2.8994477,0,0,2016-01-29
1827,1828,1913.0,1,5,5,1,4,2.9063857,0,0,2016-01-30
1828,1829,2171.0,1,6,5,1,4,2.9063857,0,0,2016-01-31
1829,1830,1945.0,0,0,1,2,5,2.9063857,2,0,2016-02-01
1830,1831,1445.0,0,1,1,2,5,2.9063857,2,0,2016-02-02
1831,1832,1828.0,0,2,1,2,5,2.9063857,3,0,2016-02-03
1832,1833,1548.0,0,3,1,2,5,2.9063857,1,0,2016-02-04
1833,1834,1766.0,0,4,1,2,5,2.9063857,3,0,2016-02-05
1834,1835,2547.0,1,5,1,2,5,2.9008453,3,0,2016-02-06
1835,1836,2673.0,1,6,1,2,5,2.9008453,2,1,2016-02-07
1836,1837,1776.0,0,0,2,2,6,2.9008453,2,0,2016-02-08
1837,1838,1714.0,0,1,2,2,6,2.9008453,3,0,2016-02-09
1838,1839,1937.0,0,2,2,2,6,2.9008453,1,1,2016-02-10
1839,1840,2297.0,0,3,2,2,6,2.9008453,2,0,2016-02-11
1840,1841,2070.0,0,4,2,2,6,2.9008453,2,0,2016-02-12
1841,1842,2528.0,1,5,2,2,6,2.9019127,1,0,2016-02-13
1842,1843,2349.0,1,6,2,2,6,2.9019127,1,1,2016-02-14
1843,1844,2035.0,0,0,3,2,7,2.9019127,2,1,2016-02-15
1844,1845,1959.0,0,1,3,2,7,2.9019127,0,0,2016-02-16
1845,1846,1658.0,0,2,3,2,7,2.9019127,0,1,2016-02-17
1846,1847,1787.0,0,3,3,2,7,2.9019127,0,0,2016-02-18
1847,1848,2016.0,0,4,3,2,7,2.9019127,0,0,2016-02-19
1848,1849,2425.0,1,5,3,2,7,2.8914742,0,0,2016-02-20
1849,1850,2645.0,1,6,3,2,7,2.8914742,0,0,2016-02-21
1850,1851,1811.0,0,0,4,2,8,2.8914742,0,0,2016-02-22
1851,1852,1742.0,0,1,4,2,8,2.8914742,0,0,2016-02-23
1852,1853,1738.0,0,2,4,2,8,2.8914742,0,0,2016-02-24
1853,1854,1709.0,0,3,4,2,8,2.8914742,0,0,2016-02-25
1854,1855,1797.0,0,4,4,2,8,2.8914742,0,0,2016-02-26
1855,1856,2178.0,1,5,4,2,8,2.904433,0,0,2016-02-27
1856,1857,2412.0,1,6,4,2,8,2.904433,0,0,2016-02-28
1857,1858,1796.0,0,0,5,2,9,2.904433,0,0,2016-02-29
1858,1859,1882.0,0,1,1,3,9,2.904433,2,0,2016-03-01
1859,1860,1668.0,0,2,1,3,9,2.904433,2,0,2016-03-02
1860,1861,1982.0,0,3,1,3,9,2.904433,3,0,2016-03-03
1861,1862,1778.0,0,4,1,3,9,2.904433,1,0,2016-03-04
1862,1863,2316.0,1,5,1,3,9,2.9045358,3,0,2016-03-05
1863,1864,2658.0,1,6,1,3,9,2.9045358,3,0,2016-03-06
1864,1865,2123.0,0,0,1,3,10,2.9045358,2,0,2016-03-07
1865,1866,1671.0,0,1,2,3,10,2.9045358,2,0,2016-03-08
1866,1867,1524.0,0,2,2,3,10,2.9045358,3,0,2016-03-09
1867,1868,1800.0,0,3,2,3,10,2.9045358,1,0,2016-03-10
1868,1869,2079.0,0,4,2,3,10,2.9045358,2,0,2016-03-11
1869,1870,2248.0,1,5,2,3,10,2.9036005,2,0,2016-03-12
1870,1871,2701.0,1,6,2,3,10,2.9036005,1,0,2016-03-13
1871,1872,2157.0,0,0,2,3,11,2.9036005,1,0,2016-03-14
1872,1873,2046.0,0,1,3,3,11,2.9036005,2,0,2016-03-15
1873,1874,1720.0,0,2,3,3,11,2.9036005,0,0,2016-03-16
1874,1875,1814.0,0,3,3,3,11,2.9036005,0,1,2016-03-17
1875,1876,2167.0,0,4,3,3,11,2.9036005,0,0,2016-03-18
1876,1877,2117.0,1,5,3,3,11,2.9042108,0,0,2016-03-19
1877,1878,2519.0,1,6,3,3,11,2.9042108,0,0,2016-03-20
1878,1879,1751.0,0,0,3,3,12,2.9042108,0,0,2016-03-21
1879,1880,1759.0,0,1,4,3,12,2.9042108,0,0,2016-03-22
1880,1881,1841.0,0,2,4,3,12,2.9042108,0,0,2016-03-23
1881,1882,1581.0,0,3,4,3,12,2.9042108,0,1,2016-03-24
1882,1883,2361.0,0,4,4,3,12,2.9042108,0,0,2016-03-25
1883,1884,2587.0,1,5,4,3,12,2.9052105,0,0,2016-03-26
1884,1885,2683.0,1,6,4,3,12,2.9052105,0,1,2016-03-27
1885,1886,1787.0,0,0,4,3,13,2.9052105,0,0,2016-03-28
1886,1887,1335.0,0,1,5,3,13,2.9052105,0,0,2016-03-29
1887,1888,1520.0,0,2,5,3,13,2.9052105,0,0,2016-03-30
1888,1889,1627.0,0,3,5,3,13,2.9052105,0,0,2016-03-31
1889,1890,2015.0,0,4,1,4,13,2.9052105,2,0,2016-04-01
1890,1891,2382.0,1,5,1,4,13,2.9084826,2,0,2016-04-02
1891,1892,2683.0,1,6,1,4,13,2.9084826,3,0,2016-04-03
1892,1893,1834.0,0,0,1,4,14,2.9084826,1,0,2016-04-04
1893,1894,1771.0,0,1,1,4,14,2.9084826,3,0,2016-04-05
1894,1895,1654.0,0,2,1,4,14,2.9084826,3,0,2016-04-06
1895,1896,1817.0,0,3,1,4,14,2.9084826,2,0,2016-04-07
1896,1897,1937.0,0,4,2,4,14,2.9084826,2,0,2016-04-08
1897,1898,2394.0,1,5,2,4,14,2.9008896,3,0,2016-04-09
1898,1899,2564.0,1,6,2,4,14,2.9008896,1,0,2016-04-10
1899,1900,1979.0,0,0,2,4,15,2.9008896,2,0,2016-04-11
1900,1901,1692.0,0,1,2,4,15,2.9008896,2,0,2016-04-12
1901,1902,1584.0,0,2,2,4,15,2.9008896,1,0,2016-04-13
1902,1903,1750.0,0,3,2,4,15,2.9008896,1,0,2016-04-14
1903,1904,1927.0,0,4,3,4,15,2.9008896,2,0,2016-04-15
1904,1905,2201.0,1,5,3,4,15,2.9088337,0,0,2016-04-16
1905,1906,2523.0,1,6,3,4,15,2.9088337,0,0,2016-04-17
1906,1907,1635.0,0,0,3,4,16,2.9088337,0,0,2016-04-18
1907,1908,1820.0,0,1,3,4,16,2.9088337,0,0,2016-04-19
1908,1909,1599.0,0,2,3,4,16,2.9088337,0,0,2016-04-20
1909,1910,1635.0,0,3,3,4,16,2.9088337,0,0,2016-04-21
1910,1911,1949.0,0,4,4,4,16,2.9088337,0,0,2016-04-22
1911,1912,2272.0,1,5,4,4,16,2.90865,0,0,2016-04-23
1912,1913,2151.0,1,6,4,4,16,2.90865,0,0,2016-04-24
1913,1914,1841.0,0,0,4,4,17,2.90865,0,0,2016-04-25
1914,1915,1760.0,0,1,4,4,17,2.90865,0,0,2016-04-26
1915,1916,1704.0,0,2,4,4,17,2.90865,0,0,2016-04-27
1916,1917,1573.0,0,3,4,4,17,2.90865,0,0,2016-04-28
1917,1918,1962.0,0,4,5,4,17,2.90865,0,0,2016-04-29
1918,1919,2170.0,1,5,5,4,17,2.9076698,0,1,2016-04-30
1919,1920,2401.0,1,6,1,5,17,2.9076698,2,1,2016-05-01
1920,1921,1720.0,0,0,1,5,18,2.9076698,2,0,2016-05-02
1921,1922,1942.0,0,1,1,5,18,2.9076698,3,0,2016-05-03
1922,1923,1768.0,0,2,1,5,18,2.9076698,1,0,2016-05-04
1923,1924,1819.0,0,3,1,5,18,2.9076698,3,1,2016-05-05
1924,1925,2187.0,0,4,1,5,18,2.9076698,3,0,2016-05-06
1925,1926,2279.0,1,5,1,5,18,2.9089952,2,0,2016-05-07
1926,1927,1937.0,1,6,2,5,18,2.9089952,2,1,2016-05-08
1927,1928,2044.0,0,0,2,5,19,2.9089952,3,0,2016-05-09
1928,1929,1746.0,0,1,2,5,19,2.9089952,1,0,2016-05-10
1929,1930,1946.0,0,2,2,5,19,2.9089952,2,0,2016-05-11
1930,1931,1944.0,0,3,2,5,19,2.9089952,2,0,2016-05-12
1931,1932,2193.0,0,4,2,5,19,2.9089952,1,0,2016-05-13
1932,1933,2174.0,1,5,2,5,19,2.9079497,1,0,2016-05-14
1933,1934,2923.0,1,6,3,5,19,2.9079497,2,0,2016-05-15
1934,1935,2082.0,0,0,3,5,20,2.9079497,0,0,2016-05-16
1935,1936,1911.0,0,1,3,5,20,2.9079497,0,0,2016-05-17
1936,1937,1753.0,0,2,3,5,20,2.9079497,0,0,2016-05-18
1937,1938,1454.0,0,3,3,5,20,2.9079497,0,0,2016-05-19
1938,1939,2082.0,0,4,3,5,20,2.9079497,0,0,2016-05-20
1939,1940,2305.0,1,5,3,5,20,2.9014246,0,0,2016-05-21
1940,1941,2567.0,1,6,4,5,20,2.9014246,0,0,2016-05-22
1941,1942,0.0,0,0,4,5,21,2.9014246,0,0,2016-05-23
1942,1943,0.0,0,1,4,5,21,2.9014246,0,0,2016-05-24
1943,1944,0.0,0,2,4,5,21,2.9014246,0,0,2016-05-25
1944,1945,0.0,0,3,4,5,21,2.9014246,0,0,2016-05-26
1945,1946,0.0,0,4,4,5,21,2.9014246,0,0,2016-05-27
1946,1947,0.0,1,5,4,5,21,2.899359,0,0,2016-05-28
1947,1948,0.0,1,6,5,5,21,2.899359,0,0,2016-05-29
1948,1949,0.0,0,0,5,5,22,2.899359,0,1,2016-05-30
1949,1950,0.0,0,1,5,5,22,2.899359,0,0,2016-05-31
1950,1951,0.0,0,2,1,6,22,2.899359,2,0,2016-06-01
1951,1952,0.0,0,3,1,6,22,2.899359,2,1,2016-06-02
1952,1953,0.0,0,4,1,6,22,2.899359,3,0,2016-06-03
1953,1954,0.0,1,5,1,6,22,2.9057498,1,0,2016-06-04
1954,1955,0.0,1,6,1,6,22,2.9057498,3,0,2016-06-05
1955,1956,0.0,0,0,1,6,23,2.9057498,3,0,2016-06-06
1956,1957,0.0,0,1,1,6,23,2.9057498,2,1,2016-06-07
1957,1958,0.0,0,2,2,6,23,2.9057498,2,0,2016-06-08
1958,1959,0.0,0,3,2,6,23,2.9057498,3,0,2016-06-09
1959,1960,0.0,0,4,2,6,23,2.9057498,1,0,2016-06-10
1960,1961,0.0,1,5,2,6,23,2.9057498,2,0,2016-06-11
1961,1962,0.0,1,6,2,6,23,2.9057498,2,0,2016-06-12
1962,1963,0.0,0,0,2,6,24,2.9057498,1,0,2016-06-13
1963,1964,0.0,0,1,2,6,24,2.9057498,1,0,2016-06-14
1964,1965,0.0,0,2,3,6,24,2.9057498,2,0,2016-06-15
1965,1966,0.0,0,3,3,6,24,2.9057498,0,0,2016-06-16
1966,1967,0.0,0,4,3,6,24,2.9057498,0,0,2016-06-17
1967,1968,0.0,1,5,3,6,24,2.9057498,0,0,2016-06-18
1968,1969,0.0,1,6,3,6,24,2.9057498,0,2,2016-06-19
